
There are no discarded input sections

Memory Configuration

Name             Origin             Length             Attributes
FLASH            0x00000000         0x00020000
RAM              0x20000000         0x00002000
*default*        0x00000000         0xffffffff

Linker script and memory map


.text           0x00000000     0x3170
                0x00000000                        _stext = .
 *(.vectors*)
 .vectors       0x00000000      0x1d4 boot.o
 *(.text*)
 .text          0x000001d4        0x6 boot.o
 *fill*         0x000001da        0x2 
 .text          0x000001dc      0x11c start.o
                0x00000238                start
 .text          0x000002f8       0x52 PortFunctions.o
                0x000002f8                memset
                0x00000332                memcpy
 *fill*         0x0000034a        0x2 
 .text          0x0000034c     0x18ec ../FreeRTOS-Kernel/tasks.o
                0x000003c4                xTaskCreate
                0x000006a8                vTaskStartScheduler
                0x00000704                vTaskEndScheduler
                0x00000734                vTaskSuspendAll
                0x00000750                xTaskResumeAll
                0x00000940                xTaskGetTickCount
                0x0000095c                xTaskGetTickCountFromISR
                0x0000097c                uxTaskGetNumberOfTasks
                0x00000990                pcTaskGetName
                0x000009bc                xTaskCatchUpTicks
                0x000009f0                xTaskIncrementTick
                0x00000c00                vTaskSwitchContext
                0x00000c8c                vTaskPlaceOnEventList
                0x00000cb8                vTaskPlaceOnUnorderedEventList
                0x00000d28                xTaskRemoveFromEventList
                0x00000ebc                vTaskRemoveFromUnorderedEventList
                0x00001000                vTaskSetTimeOutState
                0x00001030                vTaskInternalSetTimeOutState
                0x0000105c                xTaskCheckForTimeOut
                0x000010e0                vTaskMissedYield
                0x000011d4                xTaskGetCurrentTaskHandle
                0x000011f0                xTaskGetCurrentTaskHandleForCore
                0x00001220                uxTaskResetEventItemValue
                0x00001250                ulTaskGenericNotifyTake
                0x00001340                xTaskGenericNotifyWait
                0x00001464                xTaskGenericNotify
                0x00001638                xTaskGenericNotifyFromISR
                0x00001884                vTaskGenericNotifyGiveFromISR
                0x00001a40                xTaskGenericNotifyStateClear
                0x00001a98                ulTaskGenericNotifyValueClear
                0x00001ba4                vTaskResetState
 .text          0x00001c38      0x15e ../FreeRTOS-Kernel/list.o
                0x00001c38                vListInitialise
                0x00001c76                vListInitialiseItem
                0x00001c8e                vListInsertEnd
                0x00001cd4                vListInsert
                0x00001d44                uxListRemove
 *fill*         0x00001d96        0x2 
 .text          0x00001d98      0x4e8 ../FreeRTOS-Kernel/portable/MemMang/heap_4.o
                0x00001d98                pvPortMalloc
                0x00001efc                vPortFree
                0x00001f70                xPortGetFreeHeapSize
                0x00001f84                xPortGetMinimumEverFreeHeapSize
                0x00001f98                xPortResetHeapMinimumEverFreeHeapSize
                0x00001fb4                vPortInitialiseBlocks
                0x00001fc0                pvPortCalloc
                0x00002184                vPortGetHeapStats
                0x00002240                vPortHeapResetState
 .text          0x00002280      0x260 ../FreeRTOS-Kernel/portable/GCC/ARM_CM3/port.o
                0x00002280                pxPortInitialiseStack
                0x0000230a                vPortSVCHandler
                0x00002352                xPortStartScheduler
                0x000023ac                vPortEndScheduler
                0x000023b8                vPortEnterCritical
                0x000023ec                vPortExitCritical
                0x00002420                xPortPendSVHandler
                0x00002466                xPortSysTickHandler
                0x000024ac                vPortSetupTimerInterrupt
 .text          0x000024e0      0xc78 ../FreeRTOS-Kernel/queue.o
                0x000024e0                xQueueGenericReset
                0x000025c8                xQueueGenericCreate
                0x00002684                xQueueGenericSend
                0x000027d8                xQueueGenericSendFromISR
                0x000028a2                xQueueGiveFromISR
                0x0000295a                xQueueReceive
                0x00002aa0                xQueueSemaphoreTake
                0x00002bdc                xQueuePeek
                0x00002d24                xQueueReceiveFromISR
                0x00002de6                xQueuePeekFromISR
                0x00002e4c                uxQueueMessagesWaiting
                0x00002e6c                uxQueueSpacesAvailable
                0x00002e96                uxQueueMessagesWaitingFromISR
                0x00002eb4                vQueueDelete
                0x00002ece                uxQueueGetQueueItemSize
                0x00002ee4                uxQueueGetQueueLength
                0x000030ce                xQueueIsQueueEmptyFromISR
                0x00003128                xQueueIsQueueFullFromISR
 *(.rodata)
 .rodata        0x00003158        0x7 start.o
 *fill*         0x0000315f        0x1 
 .rodata        0x00003160        0x9 ../FreeRTOS-Kernel/tasks.o
 *fill*         0x00003169        0x3 
 .rodata        0x0000316c        0x4 ../FreeRTOS-Kernel/portable/MemMang/heap_4.o
 *(.rodata.*)
                0x00003170                        _etext = .

.glue_7         0x00003170        0x0
 .glue_7        0x00003170        0x0 linker stubs

.glue_7t        0x00003170        0x0
 .glue_7t       0x00003170        0x0 linker stubs

.vfp11_veneer   0x00003170        0x0
 .vfp11_veneer  0x00003170        0x0 linker stubs

.v4_bx          0x00003170        0x0
 .v4_bx         0x00003170        0x0 linker stubs

.iplt           0x00003170        0x0
 .iplt          0x00003170        0x0 boot.o

.rel.dyn        0x00003170        0x0
 .rel.iplt      0x00003170        0x0 boot.o

.data           0x00003170        0x4 load address 0x20000000
                0x00003170                        _sdata = .
                0x20000000                        _sidata = LOADADDR (.data)
 *(.data*)
 .data          0x00003170        0x0 boot.o
 .data          0x00003170        0x0 start.o
 .data          0x00003170        0x0 PortFunctions.o
 .data          0x00003170        0x0 ../FreeRTOS-Kernel/tasks.o
 .data          0x00003170        0x0 ../FreeRTOS-Kernel/list.o
 .data          0x00003170        0x0 ../FreeRTOS-Kernel/portable/MemMang/heap_4.o
 .data          0x00003170        0x4 ../FreeRTOS-Kernel/portable/GCC/ARM_CM3/port.o
 .data          0x00003174        0x0 ../FreeRTOS-Kernel/queue.o
                0x00003174                        . = ALIGN (0x4)
                0x00003174                        _edata = .

.igot.plt       0x00003174        0x0 load address 0x20000004
 .igot.plt      0x00003174        0x0 boot.o

.bss            0x20000004     0x10f8
                0x20000004                        _sbss = .
 *(.bss*)
 .bss           0x20000004        0x0 boot.o
 .bss           0x20000004        0x4 start.o
                0x20000004                xQueue
 .bss           0x20000008        0x0 PortFunctions.o
 .bss           0x20000008       0xd8 ../FreeRTOS-Kernel/tasks.o
                0x20000008                pxCurrentTCB
 .bss           0x200000e0        0x0 ../FreeRTOS-Kernel/list.o
 .bss           0x200000e0     0x101c ../FreeRTOS-Kernel/portable/MemMang/heap_4.o
 .bss           0x200010fc        0x0 ../FreeRTOS-Kernel/portable/GCC/ARM_CM3/port.o
 .bss           0x200010fc        0x0 ../FreeRTOS-Kernel/queue.o
                0x200010fc                        . = ALIGN (0x4)
                0x200010fc                        _ebss = .
                0x20002000                        __StackTop = (ORIGIN (RAM) + LENGTH (RAM))
                0x20001ffc                        PROVIDE (__stack = (__StackTop - 0x4))
LOAD boot.o
LOAD start.o
LOAD PortFunctions.o
LOAD ../FreeRTOS-Kernel/tasks.o
LOAD ../FreeRTOS-Kernel/list.o
LOAD ../FreeRTOS-Kernel/portable/MemMang/heap_4.o
LOAD ../FreeRTOS-Kernel/portable/GCC/ARM_CM3/port.o
LOAD ../FreeRTOS-Kernel/queue.o
OUTPUT(main.elf elf32-littlearm)
LOAD linker stubs

.ARM.attributes
                0x00000000       0x2f
 .ARM.attributes
                0x00000000       0x21 boot.o
 .ARM.attributes
                0x00000021       0x2d start.o
 .ARM.attributes
                0x0000004e       0x2d PortFunctions.o
 .ARM.attributes
                0x0000007b       0x2d ../FreeRTOS-Kernel/tasks.o
 .ARM.attributes
                0x000000a8       0x2d ../FreeRTOS-Kernel/list.o
 .ARM.attributes
                0x000000d5       0x2d ../FreeRTOS-Kernel/portable/MemMang/heap_4.o
 .ARM.attributes
                0x00000102       0x2d ../FreeRTOS-Kernel/portable/GCC/ARM_CM3/port.o
 .ARM.attributes
                0x0000012f       0x2d ../FreeRTOS-Kernel/queue.o

.comment        0x00000000       0x12
 .comment       0x00000000       0x12 start.o
                                 0x13 (size before relaxing)
 .comment       0x00000012        0x0 PortFunctions.o
                                 0x13 (size before relaxing)
 .comment       0x00000012        0x0 ../FreeRTOS-Kernel/tasks.o
                                 0x13 (size before relaxing)
 .comment       0x00000012        0x0 ../FreeRTOS-Kernel/list.o
                                 0x13 (size before relaxing)
 .comment       0x00000012        0x0 ../FreeRTOS-Kernel/portable/MemMang/heap_4.o
                                 0x13 (size before relaxing)
 .comment       0x00000012        0x0 ../FreeRTOS-Kernel/portable/GCC/ARM_CM3/port.o
                                 0x13 (size before relaxing)
 .comment       0x00000012        0x0 ../FreeRTOS-Kernel/queue.o
                                 0x13 (size before relaxing)

.debug_line     0x00000000     0x1e3b
 .debug_line    0x00000000       0x35 boot.o
 .debug_line    0x00000035      0x19b start.o
 .debug_line    0x000001d0       0x5c PortFunctions.o
 .debug_line    0x0000022c      0xabc ../FreeRTOS-Kernel/tasks.o
 .debug_line    0x00000ce8      0x1fb ../FreeRTOS-Kernel/list.o
 .debug_line    0x00000ee3      0x44a ../FreeRTOS-Kernel/portable/MemMang/heap_4.o
 .debug_line    0x0000132d      0x248 ../FreeRTOS-Kernel/portable/GCC/ARM_CM3/port.o
 .debug_line    0x00001575      0x8c6 ../FreeRTOS-Kernel/queue.o

.debug_info     0x00000000     0x3447
 .debug_info    0x00000000       0x26 boot.o
 .debug_info    0x00000026      0x33e start.o
 .debug_info    0x00000364       0xed PortFunctions.o
 .debug_info    0x00000451     0x1612 ../FreeRTOS-Kernel/tasks.o
 .debug_info    0x00001a63      0x2a6 ../FreeRTOS-Kernel/list.o
 .debug_info    0x00001d09      0x4b8 ../FreeRTOS-Kernel/portable/MemMang/heap_4.o
 .debug_info    0x000021c1      0x317 ../FreeRTOS-Kernel/portable/GCC/ARM_CM3/port.o
 .debug_info    0x000024d8      0xf6f ../FreeRTOS-Kernel/queue.o

.debug_abbrev   0x00000000      0xd0f
 .debug_abbrev  0x00000000       0x14 boot.o
 .debug_abbrev  0x00000014      0x148 start.o
 .debug_abbrev  0x0000015c       0xa5 PortFunctions.o
 .debug_abbrev  0x00000201      0x35a ../FreeRTOS-Kernel/tasks.o
 .debug_abbrev  0x0000055b       0xec ../FreeRTOS-Kernel/list.o
 .debug_abbrev  0x00000647      0x1f3 ../FreeRTOS-Kernel/portable/MemMang/heap_4.o
 .debug_abbrev  0x0000083a      0x234 ../FreeRTOS-Kernel/portable/GCC/ARM_CM3/port.o
 .debug_abbrev  0x00000a6e      0x2a1 ../FreeRTOS-Kernel/queue.o

.debug_aranges  0x00000000      0x100
 .debug_aranges
                0x00000000       0x20 boot.o
 .debug_aranges
                0x00000020       0x20 start.o
 .debug_aranges
                0x00000040       0x20 PortFunctions.o
 .debug_aranges
                0x00000060       0x20 ../FreeRTOS-Kernel/tasks.o
 .debug_aranges
                0x00000080       0x20 ../FreeRTOS-Kernel/list.o
 .debug_aranges
                0x000000a0       0x20 ../FreeRTOS-Kernel/portable/MemMang/heap_4.o
 .debug_aranges
                0x000000c0       0x20 ../FreeRTOS-Kernel/portable/GCC/ARM_CM3/port.o
 .debug_aranges
                0x000000e0       0x20 ../FreeRTOS-Kernel/queue.o

.debug_str      0x00000000     0x152a
 .debug_str     0x00000000     0x152a boot.o
                                 0x20 (size before relaxing)
 .debug_str     0x0000152a        0x0 start.o
                                0x279 (size before relaxing)
 .debug_str     0x0000152a        0x0 PortFunctions.o
                                 0xa6 (size before relaxing)
 .debug_str     0x0000152a        0x0 ../FreeRTOS-Kernel/tasks.o
                                0xc94 (size before relaxing)
 .debug_str     0x0000152a        0x0 ../FreeRTOS-Kernel/list.o
                                0x259 (size before relaxing)
 .debug_str     0x0000152a        0x0 ../FreeRTOS-Kernel/portable/MemMang/heap_4.o
                                0x4bd (size before relaxing)
 .debug_str     0x0000152a        0x0 ../FreeRTOS-Kernel/portable/GCC/ARM_CM3/port.o
                                0x2f0 (size before relaxing)
 .debug_str     0x0000152a        0x0 ../FreeRTOS-Kernel/queue.o
                                0x7e8 (size before relaxing)

.debug_frame    0x00000000      0xdfc
 .debug_frame   0x00000000       0x78 start.o
 .debug_frame   0x00000078       0x60 PortFunctions.o
 .debug_frame   0x000000d8      0x5d0 ../FreeRTOS-Kernel/tasks.o
 .debug_frame   0x000006a8       0xd8 ../FreeRTOS-Kernel/list.o
 .debug_frame   0x00000780      0x190 ../FreeRTOS-Kernel/portable/MemMang/heap_4.o
 .debug_frame   0x00000910      0x168 ../FreeRTOS-Kernel/portable/GCC/ARM_CM3/port.o
 .debug_frame   0x00000a78      0x384 ../FreeRTOS-Kernel/queue.o
